libvirt-1-format:
  current: record:1 busy:0 persist:1 inconsist:0 gran:65536 dirty:0
        d: record:0 busy:0 persist:1 inconsist:0 gran:65536 dirty:0
        c: record:0 busy:0 persist:1 inconsist:0 gran:65536 dirty:0
        b: record:0 busy:0 persist:1 inconsist:0 gran:65536 dirty:0
        a: record:0 busy:0 persist:1 inconsist:0 gran:65536 dirty:0
