libvirt-1-format:
  current: record:1 busy:0 persist:1 inconsist:0 gran:65536 dirty:0
        d: record:0 busy:0 persist:0 inconsist:0 gran:65536 dirty:0
        c: record:0 busy:0 persist:1 inconsist:0 gran:1234 dirty:0
        b: record:0 busy:1 persist:1 inconsist:0 gran:65536 dirty:21314
        a: record:0 busy:0 persist:1 inconsist:1 gran:65536 dirty:0
